 :-) GROMACS - gmx mdrun, 2024.3-plumed_2.11.0_dev-dev-20250831-d05813cff9-dirty-unknown (double precision) (-:

Copyright 1991-2024 The GROMACS Authors.
GROMACS is free software; you can redistribute it and/or modify it
under the terms of the GNU Lesser General Public License
as published by the Free Software Foundation; either version 2.1
of the License, or (at your option) any later version.

                         Current GROMACS contributors:
       Mark Abraham           Andrey Alekseenko           Vladimir Basov      
      Cathrine Bergh            Eliane Briand               Ania Brown        
      Mahesh Doijade            Giacomo Fiorin          Stefan Fleischmann    
      Sergey Gorelov         Gilles Gouaillardet            Alan Gray         
     M. Eric Irrgang         Farzaneh Jalalypour            Joe Jordan        
     Carsten Kutzner           Justin A. Lemkul          Magnus Lundborg      
       Pascal Merz              Vedran Miletic            Dmitry Morozov      
       Julien Nabet              Szilard Pall        Andrea Pasquadibisceglie 
    Michele Pellegrino          Hubert Santuz             Roland Schulz       
     Tatiana Shugaeva          Alexey Shvetsov            Philip Turner       
     Alessandra Villa      Sebastian Wingbermuehle  

                         Previous GROMACS contributors:
        Emile Apol             Rossen Apostolov           James Barnett       
        Paul Bauer          Herman J.C. Berendsen          Par Bjelkmar       
      Christian Blau          Viacheslav Bolnykh            Kevin Boyd        
    Aldert van Buuren          Carlo Camilloni           Rudi van Drunen      
      Anton Feenstra           Oliver Fleetwood            Vytas Gapsys       
       Gaurav Garg             Gerrit Groenhof            Bert de Groot       
      Anca Hamuraru           Vincent Hindriksen          Victor Holanda      
     Aleksei Iupinov          Christoph Junghans        Prashanth Kanduri     
   Dimitrios Karkoulis           Peter Kasson             Sebastian Kehl      
     Sebastian Keller             Jiri Kraus               Per Larsson        
      Viveca Lindahl            Erik Marklund           Pieter Meulenhoff     
      Teemu Murtola              Sander Pronk             Michael Shirts      
      Alfons Sijbers            Balint Soproni         David van der Spoel    
      Peter Tieleman            Carsten Uphoff             Jon Vincent        
     Teemu Virolainen         Christian Wennberg           Maarten Wolf       
      Artem Zhmurov       

                  Coordinated by the GROMACS project leaders:
                           Berk Hess and Erik Lindahl

GROMACS:      gmx mdrun, version 2024.3-plumed_2.11.0_dev-dev-20250831-d05813cff9-dirty-unknown (double precision)
Executable:   /home/xzhao287/github/gromacs/build/bin/gmx_d
Data prefix:  /home/xzhao287/github/gromacs (source tree)
Working dir:  /mnt/cephfs/scratch/xzhao287/gromacs-scratch/CNEO-QM-MM-Example
Process ID:   3606188
Command line:
  gmx_d mdrun -plumed plumed_params.dat -deffnm gHg

GROMACS version:     2024.3-plumed_2.11.0_dev-dev-20250831-d05813cff9-dirty-unknown
GIT SHA1 hash:       d05813cff98fb8003c2c31c6b7f4ae6d64b3187a (dirty)
Branched from:       unknown
Precision:           double
Memory model:        64 bit
MPI library:         none
OpenMP support:      enabled (GMX_OPENMP_MAX_THREADS = 128)
GPU support:         disabled
SIMD instructions:   AVX2_256
CPU FFT library:     fftw-3.3.8-sse2-avx-avx2-avx2_128
GPU FFT library:     none
Multi-GPU FFT:       none
RDTSCP usage:        enabled
TNG support:         enabled
Hwloc support:       disabled
Tracing support:     disabled
C compiler:          /software/chtc/el9/spack_v22/software/linux-centos9-zen3/gcc-11.4.1/gcc-13.2.0-kpl6n57i2qm3j2jdpxuifjl54nnrodfo/bin/gcc GNU 13.2.0
C compiler flags:    -Wno-array-bounds -fexcess-precision=fast -funroll-all-loops -mavx2 -mfma -Wall -Wno-unused -Wunused-value -Wunused-parameter -Wextra -Wno-sign-compare -Wpointer-arith -Wundef -Werror=stringop-truncation -Wno-missing-field-initializers -O3 -DNDEBUG
C++ compiler:        /software/chtc/el9/spack_v22/software/linux-centos9-zen3/gcc-11.4.1/gcc-13.2.0-kpl6n57i2qm3j2jdpxuifjl54nnrodfo/bin/g++ GNU 13.2.0
C++ compiler flags:  -Wno-array-bounds -fexcess-precision=fast -funroll-all-loops -mavx2 -mfma -Wall -Wextra -Wpointer-arith -Wmissing-declarations -Wundef -Wstringop-truncation -Wno-missing-field-initializers -Wno-cast-function-type-strict SHELL:-fopenmp -O3 -DNDEBUG
BLAS library:        External - detected on the system
LAPACK library:      External - detected on the system


Running on 1 node with total 16 cores, 16 processing units
Hardware detected on host spark-i146:
  CPU info:
    Vendor: Intel
    Brand:  Intel(R) Xeon(R) Gold 5218R CPU @ 2.10GHz
    Family: 6   Model: 85   Stepping: 7
    Features: aes apic avx avx2 avx512f avx512cd avx512bw avx512vl clfsh cmov cx8 cx16 f16c fma htt intel lahf mmx msr nonstop_tsc pcid pclmuldq pdcm pdpe1gb popcnt pse rdrnd rdtscp sse2 sse3 sse4.1 sse4.2 ssse3 tdt x2apic
    Number of AVX-512 FMA units: 1 (For Intel, AVX2 is faster w/o 2 AVX-512 FMA units)
  Hardware topology: Basic
    Packages, cores, and logical processors:
    [indices refer to OS logical processors]
      Package  1: [   1] [   3] [   5] [   7] [  33] [  35] [  37] [  39]
      Package  0: [  24] [  26] [  28] [  30] [  32] [  34] [  36] [  38]
    CPU limit set by OS: -1   Recommended max number of threads: 16


++++ PLEASE READ AND CITE THE FOLLOWING REFERENCE ++++
M. J. Abraham, T. Murtola, R. Schulz, S. Páll, J. C. Smith, B. Hess, E.
Lindahl
GROMACS: High performance molecular simulations through multi-level
parallelism from laptops to supercomputers
SoftwareX 1 (2015) pp. 19-25
-------- -------- --- Thank You --- -------- --------


++++ PLEASE READ AND CITE THE FOLLOWING REFERENCE ++++
S. Páll, M. J. Abraham, C. Kutzner, B. Hess, E. Lindahl
Tackling Exascale Software Challenges in Molecular Dynamics Simulations with
GROMACS
In S. Markidis & E. Laure (Eds.), Solving Software Challenges for Exascale 8759 (2015) pp. 3-27
-------- -------- --- Thank You --- -------- --------


++++ PLEASE READ AND CITE THE FOLLOWING REFERENCE ++++
S. Pronk, S. Páll, R. Schulz, P. Larsson, P. Bjelkmar, R. Apostolov, M. R.
Shirts, J. C. Smith, P. M. Kasson, D. van der Spoel, B. Hess, and E. Lindahl
GROMACS 4.5: a high-throughput and highly parallel open source molecular
simulation toolkit
Bioinformatics 29 (2013) pp. 845-54
-------- -------- --- Thank You --- -------- --------


++++ PLEASE READ AND CITE THE FOLLOWING REFERENCE ++++
B. Hess and C. Kutzner and D. van der Spoel and E. Lindahl
GROMACS 4: Algorithms for highly efficient, load-balanced, and scalable
molecular simulation
J. Chem. Theory Comput. 4 (2008) pp. 435-447
-------- -------- --- Thank You --- -------- --------


++++ PLEASE READ AND CITE THE FOLLOWING REFERENCE ++++
D. van der Spoel, E. Lindahl, B. Hess, G. Groenhof, A. E. Mark and H. J. C.
Berendsen
GROMACS: Fast, Flexible and Free
J. Comp. Chem. 26 (2005) pp. 1701-1719
-------- -------- --- Thank You --- -------- --------


++++ PLEASE READ AND CITE THE FOLLOWING REFERENCE ++++
E. Lindahl and B. Hess and D. van der Spoel
GROMACS 3.0: A package for molecular simulation and trajectory analysis
J. Mol. Mod. 7 (2001) pp. 306-317
-------- -------- --- Thank You --- -------- --------


++++ PLEASE READ AND CITE THE FOLLOWING REFERENCE ++++
H. J. C. Berendsen, D. van der Spoel and R. van Drunen
GROMACS: A message-passing parallel molecular dynamics implementation
Comp. Phys. Comm. 91 (1995) pp. 43-56
-------- -------- --- Thank You --- -------- --------


The number of OpenMP threads was set by environment variable OMP_NUM_THREADS to 16

Input Parameters:
   integrator                     = md
   tinit                          = 0
   dt                             = 0.001
   nsteps                         = 100
   init-step                      = 0
   simulation-part                = 1
   mts                            = false
   mass-repartition-factor        = 1
   comm-mode                      = Linear
   nstcomm                        = 100
   bd-fric                        = 0
   ld-seed                        = -268733700
   emtol                          = 10
   emstep                         = 0.01
   niter                          = 20
   fcstep                         = 0
   nstcgsteep                     = 1000
   nbfgscorr                      = 10
   rtpi                           = 0.05
   nstxout                        = 1
   nstvout                        = 1
   nstfout                        = 0
   nstlog                         = 1
   nstcalcenergy                  = 1
   nstenergy                      = 1
   nstxout-compressed             = 0
   compressed-x-precision         = 1000
   cutoff-scheme                  = Verlet
   nstlist                        = 10
   pbc                            = xyz
   periodic-molecules             = false
   verlet-buffer-tolerance        = 0.005
   verlet-buffer-pressure-tolerance = 0.5
   rlist                          = 4.05
   coulombtype                    = Cut-off
   coulomb-modifier               = Potential-shift
   rcoulomb-switch                = 0
   rcoulomb                       = 4
   epsilon-r                      = 1
   epsilon-rf                     = inf
   vdw-type                       = Cut-off
   vdw-modifier                   = Potential-shift
   rvdw-switch                    = 0
   rvdw                           = 4
   DispCorr                       = No
   table-extension                = 1
   fourierspacing                 = 0.12
   fourier-nx                     = 0
   fourier-ny                     = 0
   fourier-nz                     = 0
   pme-order                      = 4
   ewald-rtol                     = 1e-05
   ewald-rtol-lj                  = 0.001
   lj-pme-comb-rule               = Geometric
   ewald-geometry                 = 3d
   epsilon-surface                = 0
   ensemble-temperature-setting   = constant
   ensemble-temperature           = 300
   tcoupl                         = Nose-Hoover
   nsttcouple                     = 10
   nh-chain-length                = 1
   print-nose-hoover-chain-variables = false
   pcoupl                         = No
   refcoord-scaling               = No
   posres-com (3):
      posres-com[0]= 0.00000e+00
      posres-com[1]= 0.00000e+00
      posres-com[2]= 0.00000e+00
   posres-comB (3):
      posres-comB[0]= 0.00000e+00
      posres-comB[1]= 0.00000e+00
      posres-comB[2]= 0.00000e+00
   QMMM                           = false
qm-opts:
   ngQM                           = 0
   constraint-algorithm           = Lincs
   continuation                   = false
   Shake-SOR                      = false
   shake-tol                      = 0.0001
   lincs-order                    = 4
   lincs-iter                     = 1
   lincs-warnangle                = 30
   nwall                          = 0
   wall-type                      = 9-3
   wall-r-linpot                  = -1
   wall-atomtype[0]               = -1
   wall-atomtype[1]               = -1
   wall-density[0]                = 0
   wall-density[1]                = 0
   wall-ewald-zfac                = 3
   pull                           = false
   awh                            = false
   rotation                       = false
   interactiveMD                  = false
   disre                          = No
   disre-weighting                = Conservative
   disre-mixed                    = false
   dr-fc                          = 1000
   dr-tau                         = 0
   nstdisreout                    = 100
   orire-fc                       = 0
   orire-tau                      = 0
   nstorireout                    = 100
   free-energy                    = no
   cos-acceleration               = 0
   deform (3x3):
      deform[    0]={ 0.00000e+00,  0.00000e+00,  0.00000e+00}
      deform[    1]={ 0.00000e+00,  0.00000e+00,  0.00000e+00}
      deform[    2]={ 0.00000e+00,  0.00000e+00,  0.00000e+00}
   simulated-tempering            = false
   swapcoords                     = no
   userint1                       = 0
   userint2                       = 0
   userint3                       = 0
   userint4                       = 0
   userreal1                      = 0
   userreal2                      = 0
   userreal3                      = 0
   userreal4                      = 0
   applied-forces:
     electric-field:
       x:
         E0                       = 0
         omega                    = 0
         t0                       = 0
         sigma                    = 0
       y:
         E0                       = 0
         omega                    = 0
         t0                       = 0
         sigma                    = 0
       z:
         E0                       = 0
         omega                    = 0
         t0                       = 0
         sigma                    = 0
     density-guided-simulation:
       active                     = false
       group                      = protein
       similarity-measure         = inner-product
       atom-spreading-weight      = unity
       force-constant             = 1e+09
       gaussian-transform-spreading-width = 0.2
       gaussian-transform-spreading-range-in-multiples-of-width = 4
       reference-density-filename = reference.mrc
       nst                        = 1
       normalize-densities        = true
       adaptive-force-scaling     = false
       adaptive-force-scaling-time-constant = 4
       shift-vector               = 
       transformation-matrix      = 
     qmmm-pyscf:
       active                     = true
       qmgroup                    = LBHB
       qmmethod                   = PBE
       drivername                 = pyscfdriver
       driverpath                 = ./
       qmcharge                   = -1
       qmmultiplicity             = 1
     colvars:
       active                     = false
       configfile                 = 
       seed                       = -1
grpopts:
   nrdf:        7347
   ref-t:         300
   tau-t:         0.1
annealing:          No
annealing-npoints:           0
   acc:	           0           0           0
   nfreeze:           N           N           N
   energygrp-flags[  0]: 0

Changing nstlist from 10 to 50, rlist from 4.05 to 4.331

When checking whether update groups are usable:
  Domain decomposition is not active, so there is no need for update groups
  No constraints or virtual sites are in use, so it is best not to use update groups

Non-default thread affinity set, disabling internal thread affinity

Using 16 OpenMP threads 

System total charge: 0.844
Potential shift: LJ r^-12: -5.960e-08 r^-6: -2.441e-04, Coulomb -2e-01
Generated table with 10662 data points for 1-4 COUL.
Tabscale = 2000 points/nm
Generated table with 10662 data points for 1-4 LJ6.
Tabscale = 2000 points/nm
Generated table with 10662 data points for 1-4 LJ12.
Tabscale = 2000 points/nm


Using SIMD4xM 4x4 nonbonded short-range kernels

Using a dual 4x4 pair-list setup updated with dynamic pruning:
  outer list: updated every 50 steps, buffer 0.331 nm, rlist 4.331 nm
  inner list: updated every  5 steps, buffer 0.020 nm, rlist 4.020 nm
At tolerance 0.005 kJ/mol/ps per atom, equivalent classical 1x1 list would be:
  outer list: updated every 50 steps, buffer 0.402 nm, rlist 4.402 nm
  inner list: updated every  5 steps, buffer 0.027 nm, rlist 4.027 nm

The average pressure is off by at most 0.00 bar due to missing LJ interactions

Using Geometric Lennard-Jones combination rule
Removing pbc first time
There are: 2450 Atoms
Center of mass motion removal mode is Linear
We have the following groups for center of mass motion removal:
  0:  rest
Initial temperature: 299.993 K

PLUMED: PLUMED is starting
PLUMED: Version: 2.11.0-dev (git: 0e3e3eb2b) compiled on Aug 30 2025 at 23:16:07
PLUMED: Please cite these papers when using PLUMED [1][2]
PLUMED: For further information see the PLUMED web page at http://www.plumed.org
PLUMED: Root: /home/xzhao287/github/plumed2/lib/plumed
PLUMED: LibraryPath: /home/xzhao287/github/plumed2/lib/libplumedKernel.so
PLUMED: For installed feature, see /home/xzhao287/github/plumed2/lib/plumed/src/config/config.txt
PLUMED: Molecular dynamics engine: gromacs
PLUMED: Precision of reals: 8
PLUMED: Running over 1 node
PLUMED: Number of threads: 16
PLUMED: Cache line size: 512
PLUMED: Number of atoms: 2450
PLUMED: File suffix: 
PLUMED: FILE: plumed_params.dat
PLUMED: Action UNITS
PLUMED:   with label @0
PLUMED:   length: nm
PLUMED:   energy: kj/mol
PLUMED:   time: ps
PLUMED:   charge: e
PLUMED:   mass: amu
PLUMED:   using physical units
PLUMED:   inside PLUMED, Boltzmann constant is 0.00831446
PLUMED: Action DISTANCE
PLUMED:   with label doxyCoxyC
PLUMED:   between atoms 2414 2433
PLUMED:   using periodic boundary conditions
PLUMED: Action RESTRAINT
PLUMED:   with label restraint
PLUMED: Action RESTRAINT_SCALAR
PLUMED:   with label restraint
PLUMED:   with arguments : 
PLUMED:    scalar with label doxyCoxyC 
PLUMED:   added component to this action: restraint.bias 
PLUMED:   at 0.900000
PLUMED:   with harmonic force constant 30000.000000
PLUMED:   and linear force constant 0.000000
PLUMED:   added component to this action: restraint.force2 
PLUMED: Action PRINT
PLUMED:   with label @5
PLUMED:   with stride 3
PLUMED:   with arguments : 
PLUMED:    scalar with label doxyCoxyC 
PLUMED:    scalar with label restraint.bias 
PLUMED:   on file colvar_0.9.dat
PLUMED:   with format  %f
PLUMED: END FILE: plumed_params.dat
PLUMED: Timestep: 0.001000
PLUMED: KbT: 2.494339
PLUMED: Relevant bibliography:
PLUMED:   [1] The PLUMED consortium, Nat. Methods 16, 670 (2019)
PLUMED:   [2] Tribello, Bonomi, Branduardi, Camilloni, and Bussi, Comput. Phys. Commun. 185, 604 (2014)
PLUMED: Please read and cite where appropriate!
PLUMED: Finished setup
Started mdrun on rank 0 Sun Aug 31 15:16:06 2025

           Step           Time
              0        0.00000

Writing checkpoint, step 0 at Sun Aug 31 15:16:12 2025


   Energies (kJ/mol)
           Bond  Connect Bonds          Angle Ryckaert-Bell. Per. Imp. Dih.
    1.19205e+02    0.00000e+00    3.96313e+01    2.13310e+01    1.54022e-01
          LJ-14     Coulomb-14        LJ (SR)   Coulomb (SR)    Quantum En.
    2.12865e+01    4.42622e+02    3.22741e+03   -3.62230e+04   -9.95807e+05
      Potential    Kinetic En.   Total Energy  Conserved En.    Temperature
   -1.02816e+06    9.41156e+03   -1.01875e+06   -1.01875e+06    3.08140e+02
 Pressure (bar)
    4.25502e-01

           Step           Time
              1        0.00100

Writing checkpoint, step 1 at Sun Aug 31 15:16:17 2025


   Energies (kJ/mol)
           Bond  Connect Bonds          Angle Ryckaert-Bell. Per. Imp. Dih.
    1.31320e+03    0.00000e+00    2.04921e+02    2.13967e+01    5.56945e-02
          LJ-14     Coulomb-14        LJ (SR)   Coulomb (SR)    Quantum En.
    2.13441e+01    4.41035e+02    3.22506e+03   -3.71378e+04   -9.95808e+05
      Potential    Kinetic En.   Total Energy  Conserved En.    Temperature
   -1.02772e+06    8.89732e+03   -1.01882e+06   -1.01861e+06    2.91303e+02
 Pressure (bar)
    1.24348e-01

           Step           Time
              2        0.00200

Writing checkpoint, step 2 at Sun Aug 31 15:16:21 2025


   Energies (kJ/mol)
           Bond  Connect Bonds          Angle Ryckaert-Bell. Per. Imp. Dih.
    3.59259e+03    0.00000e+00    6.45043e+02    2.15392e+01    9.17684e-03
          LJ-14     Coulomb-14        LJ (SR)   Coulomb (SR)    Quantum En.
    2.16071e+01    4.39651e+02    3.22467e+03   -3.85472e+04   -9.95815e+05
      Potential    Kinetic En.   Total Energy  Conserved En.    Temperature
   -1.02642e+06    7.68119e+03   -1.01874e+06   -1.01853e+06    2.51486e+02
 Pressure (bar)
   -3.46719e-01

           Step           Time
              3        0.00300

Writing checkpoint, step 3 at Sun Aug 31 15:16:26 2025


   Energies (kJ/mol)
           Bond  Connect Bonds          Angle Ryckaert-Bell. Per. Imp. Dih.
    4.48916e+03    0.00000e+00    1.21574e+03    2.17547e+01    1.17907e-03
          LJ-14     Coulomb-14        LJ (SR)   Coulomb (SR)    Quantum En.
    2.20276e+01    4.38608e+02    3.23106e+03   -3.98116e+04   -9.95825e+05
      Potential    Kinetic En.   Total Energy  Conserved En.    Temperature
   -1.02622e+06    7.44223e+03   -1.01878e+06   -1.01857e+06    2.43663e+02
 Pressure (bar)
   -7.26424e-01

           Step           Time
              4        0.00400

Writing checkpoint, step 4 at Sun Aug 31 15:16:30 2025


   Energies (kJ/mol)
           Bond  Connect Bonds          Angle Ryckaert-Bell. Per. Imp. Dih.
    3.82332e+03    0.00000e+00    1.73061e+03    2.20312e+01    2.49403e-02
          LJ-14     Coulomb-14        LJ (SR)   Coulomb (SR)    Quantum En.
    2.25140e+01    4.38017e+02    3.24844e+03   -4.03375e+04   -9.95832e+05
      Potential    Kinetic En.   Total Energy  Conserved En.    Temperature
   -1.02688e+06    7.85674e+03   -1.01903e+06   -1.01882e+06    2.57234e+02
 Pressure (bar)
   -8.24977e-01

           Step           Time
              5        0.00500

Writing checkpoint, step 5 at Sun Aug 31 15:16:35 2025


   Energies (kJ/mol)
           Bond  Connect Bonds          Angle Ryckaert-Bell. Per. Imp. Dih.
    3.23350e+03    0.00000e+00    2.04623e+03    2.23515e+01    7.75775e-02
          LJ-14     Coulomb-14        LJ (SR)   Coulomb (SR)    Quantum En.
    2.29489e+01    4.37881e+02    3.27804e+03   -3.99234e+04   -9.95830e+05
      Potential    Kinetic En.   Total Energy  Conserved En.    Temperature
   -1.02671e+06    7.69316e+03   -1.01902e+06   -1.01881e+06    2.51878e+02
 Pressure (bar)
   -6.12812e-01

           Step           Time
              6        0.00600

Writing checkpoint, step 6 at Sun Aug 31 15:16:39 2025


   Energies (kJ/mol)
           Bond  Connect Bonds          Angle Ryckaert-Bell. Per. Imp. Dih.
    2.95934e+03    0.00000e+00    2.12124e+03    2.27004e+01    1.57076e-01
          LJ-14     Coulomb-14        LJ (SR)   Coulomb (SR)    Quantum En.
    2.32187e+01    4.38127e+02    3.31730e+03   -3.88415e+04   -9.95818e+05
      Potential    Kinetic En.   Total Energy  Conserved En.    Temperature
   -1.02578e+06    6.99474e+03   -1.01878e+06   -1.01858e+06    2.29012e+02
 Pressure (bar)
   -1.93562e-01

           Step           Time
              7        0.00700

Writing checkpoint, step 7 at Sun Aug 31 15:16:44 2025


   Energies (kJ/mol)
           Bond  Connect Bonds          Angle Ryckaert-Bell. Per. Imp. Dih.
    1.88230e+03    0.00000e+00    2.02858e+03    2.30651e+01    2.58274e-01
          LJ-14     Coulomb-14        LJ (SR)   Coulomb (SR)    Quantum En.
    2.32535e+01    4.38638e+02    3.36115e+03   -3.76567e+04   -9.95798e+05
      Potential    Kinetic En.   Total Energy  Conserved En.    Temperature
   -1.02570e+06    6.92687e+03   -1.01877e+06   -1.01856e+06    2.26789e+02
 Pressure (bar)
    2.44908e-01

           Step           Time
              8        0.00800

Writing checkpoint, step 8 at Sun Aug 31 15:16:49 2025


   Energies (kJ/mol)
           Bond  Connect Bonds          Angle Ryckaert-Bell. Per. Imp. Dih.
    4.18901e+02    0.00000e+00    1.90107e+03    2.34294e+01    3.70537e-01
          LJ-14     Coulomb-14        LJ (SR)   Coulomb (SR)    Quantum En.
    2.30589e+01    4.39290e+02    3.40449e+03   -3.69228e+04   -9.95778e+05
      Potential    Kinetic En.   Total Energy  Conserved En.    Temperature
   -1.02649e+06    7.48265e+03   -1.01901e+06   -1.01880e+06    2.44986e+02
 Pressure (bar)
    4.82373e-01

           Step           Time
              9        0.00900

Writing checkpoint, step 9 at Sun Aug 31 15:16:53 2025


   Energies (kJ/mol)
           Bond  Connect Bonds          Angle Ryckaert-Bell. Per. Imp. Dih.
    4.98557e+02    0.00000e+00    1.82787e+03    2.37744e+01    4.79245e-01
          LJ-14     Coulomb-14        LJ (SR)   Coulomb (SR)    Quantum En.
    2.27196e+01    4.40029e+02    3.44449e+03   -3.69176e+04   -9.95763e+05
      Potential    Kinetic En.   Total Energy  Conserved En.    Temperature
   -1.02642e+06    7.38063e+03   -1.01904e+06   -1.01884e+06    2.41646e+02
 Pressure (bar)
    3.76598e-01

           Step           Time
             10        0.01000

Writing checkpoint, step 10 at Sun Aug 31 15:16:58 2025


   Energies (kJ/mol)
           Bond  Connect Bonds          Angle Ryckaert-Bell. Per. Imp. Dih.
    2.34933e+03    0.00000e+00    1.78719e+03    2.40833e+01    5.70648e-01
          LJ-14     Coulomb-14        LJ (SR)   Coulomb (SR)    Quantum En.
    2.23701e+01    4.40925e+02    3.48179e+03   -3.75174e+04   -9.95756e+05
      Potential    Kinetic En.   Total Energy  Conserved En.    Temperature
   -1.02517e+06    6.38065e+03   -1.01879e+06   -1.01858e+06    2.08906e+02
 Pressure (bar)
   -2.02317e-02

           Step           Time
             11        0.01100

Writing checkpoint, step 11 at Sun Aug 31 15:17:02 2025


   Energies (kJ/mol)
           Bond  Connect Bonds          Angle Ryckaert-Bell. Per. Imp. Dih.
    3.88431e+03    0.00000e+00    1.67879e+03    2.43437e+01    6.36944e-01
          LJ-14     Coulomb-14        LJ (SR)   Coulomb (SR)    Quantum En.
    2.21473e+01    4.42139e+02    3.51994e+03   -3.82562e+04   -9.95754e+05
      Potential    Kinetic En.   Total Energy  Conserved En.    Temperature
   -1.02444e+06    6.52794e+03   -1.01791e+06   -1.01830e+06    2.13728e+02
 Pressure (bar)
   -4.70652e-01

           Step           Time
             12        0.01200

Writing checkpoint, step 12 at Sun Aug 31 15:17:07 2025


   Energies (kJ/mol)
           Bond  Connect Bonds          Angle Ryckaert-Bell. Per. Imp. Dih.
    4.12858e+03    0.00000e+00    1.41651e+03    2.45897e+01    6.86063e-01
          LJ-14     Coulomb-14        LJ (SR)   Coulomb (SR)    Quantum En.
    2.21374e+01    4.44014e+02    3.56968e+03   -3.86431e+04   -9.95756e+05
      Potential    Kinetic En.   Total Energy  Conserved En.    Temperature
   -1.02479e+06    7.47827e+03   -1.01731e+06   -1.01770e+06    2.44843e+02
 Pressure (bar)
   -7.89332e-01

           Step           Time
             13        0.01300

Writing checkpoint, step 13 at Sun Aug 31 15:17:12 2025


   Energies (kJ/mol)
           Bond  Connect Bonds          Angle Ryckaert-Bell. Per. Imp. Dih.
    3.91370e+03    0.00000e+00    1.03724e+03    2.48023e+01    7.18376e-01
          LJ-14     Coulomb-14        LJ (SR)   Coulomb (SR)    Quantum En.
    2.23887e+01    4.46393e+02    3.62996e+03   -3.82129e+04   -9.95755e+05
      Potential    Kinetic En.   Total Energy  Conserved En.    Temperature
   -1.02489e+06    7.51345e+03   -1.01738e+06   -1.01777e+06    2.45994e+02
 Pressure (bar)
   -7.87220e-01

           Step           Time
             14        0.01400

Writing checkpoint, step 14 at Sun Aug 31 15:17:16 2025


   Energies (kJ/mol)
           Bond  Connect Bonds          Angle Ryckaert-Bell. Per. Imp. Dih.
    3.65959e+03    0.00000e+00    6.15582e+02    2.49900e+01    7.42869e-01
          LJ-14     Coulomb-14        LJ (SR)   Coulomb (SR)    Quantum En.
    2.28509e+01    4.49148e+02    3.70065e+03   -3.70307e+04   -9.95748e+05
      Potential    Kinetic En.   Total Energy  Conserved En.    Temperature
   -1.02431e+06    7.08738e+03   -1.01722e+06   -1.01761e+06    2.32044e+02
 Pressure (bar)
   -4.60049e-01

           Step           Time
             15        0.01500

Writing checkpoint, step 15 at Sun Aug 31 15:17:21 2025


   Energies (kJ/mol)
           Bond  Connect Bonds          Angle Ryckaert-Bell. Per. Imp. Dih.
    2.63089e+03    0.00000e+00    2.74386e+02    2.51588e+01    7.66617e-01
          LJ-14     Coulomb-14        LJ (SR)   Coulomb (SR)    Quantum En.
    2.34298e+01    4.52017e+02    3.77732e+03   -3.55916e+04   -9.95737e+05
      Potential    Kinetic En.   Total Energy  Conserved En.    Temperature
   -1.02414e+06    6.99183e+03   -1.01715e+06   -1.01754e+06    2.28916e+02
 Pressure (bar)
    4.42488e-02

           Step           Time
             16        0.01600

Writing checkpoint, step 16 at Sun Aug 31 15:17:26 2025


   Energies (kJ/mol)
           Bond  Connect Bonds          Angle Ryckaert-Bell. Per. Imp. Dih.
    9.50192e+02    0.00000e+00    1.35558e+02    2.53081e+01    7.92818e-01
          LJ-14     Coulomb-14        LJ (SR)   Coulomb (SR)    Quantum En.
    2.40219e+01    4.54659e+02    3.85345e+03   -3.45566e+04   -9.95725e+05
      Potential    Kinetic En.   Total Energy  Conserved En.    Temperature
   -1.02484e+06    7.51494e+03   -1.01732e+06   -1.01771e+06    2.46043e+02
 Pressure (bar)
    4.78438e-01

           Step           Time
             17        0.01700

Writing checkpoint, step 17 at Sun Aug 31 15:17:31 2025


   Energies (kJ/mol)
           Bond  Connect Bonds          Angle Ryckaert-Bell. Per. Imp. Dih.
    2.80866e+02    0.00000e+00    2.73758e+02    2.54361e+01    8.21160e-01
          LJ-14     Coulomb-14        LJ (SR)   Coulomb (SR)    Quantum En.
    2.45404e+01    4.56773e+02    3.92349e+03   -3.44331e+04   -9.95719e+05
      Potential    Kinetic En.   Total Energy  Conserved En.    Temperature
   -1.02517e+06    7.75116e+03   -1.01742e+06   -1.01780e+06    2.53777e+02
 Pressure (bar)
    6.07636e-01

           Step           Time
             18        0.01800

Writing checkpoint, step 18 at Sun Aug 31 15:17:36 2025


   Energies (kJ/mol)
           Bond  Connect Bonds          Angle Ryckaert-Bell. Per. Imp. Dih.
    1.45308e+03    0.00000e+00    6.78818e+02    2.55430e+01    8.49855e-01
          LJ-14     Coulomb-14        LJ (SR)   Coulomb (SR)    Quantum En.
    2.49335e+01    4.58253e+02    3.98512e+03   -3.53515e+04   -9.95721e+05
      Potential    Kinetic En.   Total Energy  Conserved En.    Temperature
   -1.02445e+06    7.19649e+03   -1.01725e+06   -1.01764e+06    2.35617e+02
 Pressure (bar)
    3.58264e-01

           Step           Time
             19        0.01900

Writing checkpoint, step 19 at Sun Aug 31 15:17:41 2025


   Energies (kJ/mol)
           Bond  Connect Bonds          Angle Ryckaert-Bell. Per. Imp. Dih.
    3.13803e+03    0.00000e+00    1.24424e+03    2.56275e+01    8.77925e-01
          LJ-14     Coulomb-14        LJ (SR)   Coulomb (SR)    Quantum En.
    2.52027e+01    4.59271e+02    4.04016e+03   -3.69927e+04   -9.95733e+05
      Potential    Kinetic En.   Total Energy  Conserved En.    Temperature
   -1.02379e+06    6.67403e+03   -1.01712e+06   -1.01751e+06    2.18511e+02
 Pressure (bar)
   -1.26760e-01

           Step           Time
             20        0.02000

Writing checkpoint, step 20 at Sun Aug 31 15:17:46 2025


   Energies (kJ/mol)
           Bond  Connect Bonds          Angle Ryckaert-Bell. Per. Imp. Dih.
    3.91649e+03    0.00000e+00    1.80690e+03    2.56806e+01    9.06166e-01
          LJ-14     Coulomb-14        LJ (SR)   Coulomb (SR)    Quantum En.
    2.54194e+01    4.60183e+02    4.09373e+03   -3.86970e+04   -9.95748e+05
      Potential    Kinetic En.   Total Energy  Conserved En.    Temperature
   -1.02412e+06    6.87519e+03   -1.01724e+06   -1.01763e+06    2.25097e+02
 Pressure (bar)
   -5.87232e-01

           Step           Time
             21        0.02100

Writing checkpoint, step 21 at Sun Aug 31 15:17:50 2025


   Energies (kJ/mol)
           Bond  Connect Bonds          Angle Ryckaert-Bell. Per. Imp. Dih.
    4.04212e+03    0.00000e+00    2.22158e+03    2.56836e+01    9.36252e-01
          LJ-14     Coulomb-14        LJ (SR)   Coulomb (SR)    Quantum En.
    2.57192e+01    4.61326e+02    4.15165e+03   -3.97614e+04   -9.95760e+05
      Potential    Kinetic En.   Total Energy  Conserved En.    Temperature
   -1.02459e+06    9.07302e+03   -1.01552e+06   -1.01831e+06    2.97056e+02
 Pressure (bar)
   -7.78062e-01

           Step           Time
             22        0.02200

Writing checkpoint, step 22 at Sun Aug 31 15:17:55 2025


   Energies (kJ/mol)
           Bond  Connect Bonds          Angle Ryckaert-Bell. Per. Imp. Dih.
    4.66001e+03    0.00000e+00    2.54028e+03    2.56290e+01    9.77178e-01
          LJ-14     Coulomb-14        LJ (SR)   Coulomb (SR)    Quantum En.
    2.63830e+01    4.63155e+02    4.23233e+03   -3.99375e+04   -9.95765e+05
      Potential    Kinetic En.   Total Energy  Conserved En.    Temperature
   -1.02375e+06    1.03159e+04   -1.01344e+06   -1.01623e+06    3.37749e+02
 Pressure (bar)
   -6.45610e-01

           Step           Time
             23        0.02300

Writing checkpoint, step 23 at Sun Aug 31 15:18:00 2025


   Energies (kJ/mol)
           Bond  Connect Bonds          Angle Ryckaert-Bell. Per. Imp. Dih.
    4.70014e+03    0.00000e+00    2.73416e+03    2.55295e+01    1.02011e+00
          LJ-14     Coulomb-14        LJ (SR)   Coulomb (SR)    Quantum En.
    2.74614e+01    4.65242e+02    4.32033e+03   -3.91931e+04   -9.95758e+05
      Potential    Kinetic En.   Total Energy  Conserved En.    Temperature
   -1.02268e+06    9.53801e+03   -1.01314e+06   -1.01593e+06    3.12280e+02
 Pressure (bar)
   -2.46227e-01

           Step           Time
             24        0.02400

Writing checkpoint, step 24 at Sun Aug 31 15:18:05 2025


   Energies (kJ/mol)
           Bond  Connect Bonds          Angle Ryckaert-Bell. Per. Imp. Dih.
    2.58567e+03    0.00000e+00    2.82387e+03    2.53778e+01    1.05907e+00
          LJ-14     Coulomb-14        LJ (SR)   Coulomb (SR)    Quantum En.
    2.89380e+01    4.67248e+02    4.40963e+03   -3.80465e+04   -9.95742e+05
      Potential    Kinetic En.   Total Energy  Conserved En.    Temperature
   -1.02345e+06    1.00944e+04   -1.01335e+06   -1.01614e+06    3.30495e+02
 Pressure (bar)
    2.67601e-01

           Step           Time
             25        0.02500

Writing checkpoint, step 25 at Sun Aug 31 15:18:10 2025


   Energies (kJ/mol)
           Bond  Connect Bonds          Angle Ryckaert-Bell. Per. Imp. Dih.
    4.61234e+02    0.00000e+00    2.81850e+03    2.51691e+01    1.08593e+00
          LJ-14     Coulomb-14        LJ (SR)   Coulomb (SR)    Quantum En.
    3.06577e+01    4.68714e+02    4.49290e+03   -3.71493e+04   -9.95726e+05
      Potential    Kinetic En.   Total Energy  Conserved En.    Temperature
   -1.02458e+06    1.08964e+04   -1.01368e+06   -1.01647e+06    3.56753e+02
 Pressure (bar)
    6.14909e-01

           Step           Time
             26        0.02600

Writing checkpoint, step 26 at Sun Aug 31 15:18:14 2025


   Energies (kJ/mol)
           Bond  Connect Bonds          Angle Ryckaert-Bell. Per. Imp. Dih.
    1.11066e+03    0.00000e+00    2.68686e+03    2.48974e+01    1.09369e+00
          LJ-14     Coulomb-14        LJ (SR)   Coulomb (SR)    Quantum En.
    3.23860e+01    4.69234e+02    4.56441e+03   -3.69441e+04   -9.95716e+05
      Potential    Kinetic En.   Total Energy  Conserved En.    Temperature
   -1.02377e+06    1.02718e+04   -1.01350e+06   -1.01629e+06    3.36303e+02
 Pressure (bar)
    5.88886e-01

           Step           Time
             27        0.02700

Writing checkpoint, step 27 at Sun Aug 31 15:18:19 2025


   Energies (kJ/mol)
           Bond  Connect Bonds          Angle Ryckaert-Bell. Per. Imp. Dih.
    3.38239e+03    0.00000e+00    2.37437e+03    2.45573e+01    1.08033e+00
          LJ-14     Coulomb-14        LJ (SR)   Coulomb (SR)    Quantum En.
    3.38985e+01    4.68670e+02    4.62198e+03   -3.74485e+04   -9.95716e+05
      Potential    Kinetic En.   Total Energy  Conserved En.    Temperature
   -1.02226e+06    9.13431e+03   -1.01312e+06   -1.01591e+06    2.99062e+02
 Pressure (bar)
    2.22624e-01

           Step           Time
             28        0.02800

Writing checkpoint, step 28 at Sun Aug 31 15:18:24 2025


   Energies (kJ/mol)
           Bond  Connect Bonds          Angle Ryckaert-Bell. Per. Imp. Dih.
    4.31185e+03    0.00000e+00    1.86457e+03    2.41478e+01    1.05123e+00
          LJ-14     Coulomb-14        LJ (SR)   Coulomb (SR)    Quantum En.
    3.50549e+01    4.67254e+02    4.66806e+03   -3.82625e+04   -9.95724e+05
      Potential    Kinetic En.   Total Energy  Conserved En.    Temperature
   -1.02261e+06    9.38084e+03   -1.01323e+06   -1.01603e+06    3.07134e+02
 Pressure (bar)
   -2.58586e-01

           Step           Time
             29        0.02900

Writing checkpoint, step 29 at Sun Aug 31 15:18:28 2025


   Energies (kJ/mol)
           Bond  Connect Bonds          Angle Ryckaert-Bell. Per. Imp. Dih.
    3.99830e+03    0.00000e+00    1.23490e+03    2.36763e+01    1.01860e+00
          LJ-14     Coulomb-14        LJ (SR)   Coulomb (SR)    Quantum En.
    3.58325e+01    4.65507e+02    4.70889e+03   -3.87948e+04   -9.95737e+05
      Potential    Kinetic En.   Total Energy  Conserved En.    Temperature
   -1.02406e+06    1.04442e+04   -1.01362e+06   -1.01641e+06    3.41949e+02
 Pressure (bar)
   -6.18073e-01

           Step           Time
             30        0.03000

Writing checkpoint, step 30 at Sun Aug 31 15:18:33 2025


   Energies (kJ/mol)
           Bond  Connect Bonds          Angle Ryckaert-Bell. Per. Imp. Dih.
    4.48670e+03    0.00000e+00    6.47380e+02    2.31705e+01    9.97600e-01
          LJ-14     Coulomb-14        LJ (SR)   Coulomb (SR)    Quantum En.
    3.63369e+01    4.63987e+02    4.75085e+03   -3.86010e+04   -9.95746e+05
      Potential    Kinetic En.   Total Energy  Conserved En.    Temperature
   -1.02394e+06    1.03666e+04   -1.01357e+06   -1.01636e+06    3.39407e+02
 Pressure (bar)
   -7.08167e-01

           Step           Time
             31        0.03100

Writing checkpoint, step 31 at Sun Aug 31 15:18:38 2025


   Energies (kJ/mol)
           Bond  Connect Bonds          Angle Ryckaert-Bell. Per. Imp. Dih.
    5.21197e+03    0.00000e+00    2.74953e+02    2.26912e+01    1.00124e+00
          LJ-14     Coulomb-14        LJ (SR)   Coulomb (SR)    Quantum En.
    3.67857e+01    4.63054e+02    4.79631e+03   -3.76368e+04   -9.95748e+05
      Potential    Kinetic En.   Total Energy  Conserved En.    Temperature
   -1.02258e+06    1.12939e+04   -1.01128e+06   -1.01794e+06    3.69767e+02
 Pressure (bar)
   -4.55793e-01

           Step           Time
             32        0.03200

Writing checkpoint, step 32 at Sun Aug 31 15:18:43 2025


   Energies (kJ/mol)
           Bond  Connect Bonds          Angle Ryckaert-Bell. Per. Imp. Dih.
    4.13681e+03    0.00000e+00    2.53630e+02    2.22714e+01    1.04808e+00
          LJ-14     Coulomb-14        LJ (SR)   Coulomb (SR)    Quantum En.
    3.75597e+01    4.62638e+02    4.85236e+03   -3.60662e+04   -9.95740e+05
      Potential    Kinetic En.   Total Energy  Conserved En.    Temperature
   -1.02204e+06    1.28788e+04   -1.00916e+06   -1.01582e+06    4.21658e+02
 Pressure (bar)
    9.79922e-02

           Step           Time
             33        0.03300

Writing checkpoint, step 33 at Sun Aug 31 15:18:47 2025


   Energies (kJ/mol)
           Bond  Connect Bonds          Angle Ryckaert-Bell. Per. Imp. Dih.
    1.63458e+03    0.00000e+00    6.50696e+02    2.20850e+01    1.14124e+00
          LJ-14     Coulomb-14        LJ (SR)   Coulomb (SR)    Quantum En.
    3.87140e+01    4.62617e+02    4.90399e+03   -3.48441e+04   -9.95728e+05
      Potential    Kinetic En.   Total Energy  Conserved En.    Temperature
   -1.02286e+06    1.33978e+04   -1.00946e+06   -1.01612e+06    4.38651e+02
 Pressure (bar)
    5.91338e-01

           Step           Time
             34        0.03400

Writing checkpoint, step 34 at Sun Aug 31 15:18:52 2025


   Energies (kJ/mol)
           Bond  Connect Bonds          Angle Ryckaert-Bell. Per. Imp. Dih.
    6.07779e+02    0.00000e+00    1.24667e+03    2.20964e+01    1.27425e+00
          LJ-14     Coulomb-14        LJ (SR)   Coulomb (SR)    Quantum En.
    4.01351e+01    4.62585e+02    4.94548e+03   -3.45639e+04   -9.95717e+05
      Potential    Kinetic En.   Total Energy  Conserved En.    Temperature
   -1.02296e+06    1.33793e+04   -1.00958e+06   -1.01623e+06    4.38044e+02
 Pressure (bar)
    7.68365e-01

           Step           Time
             35        0.03500

Writing checkpoint, step 35 at Sun Aug 31 15:18:56 2025


   Energies (kJ/mol)
           Bond  Connect Bonds          Angle Ryckaert-Bell. Per. Imp. Dih.
    2.33023e+03    0.00000e+00    1.79848e+03    2.22099e+01    1.44131e+00
          LJ-14     Coulomb-14        LJ (SR)   Coulomb (SR)    Quantum En.
    4.15633e+01    4.62160e+02    4.97439e+03   -3.54264e+04   -9.95714e+05
      Potential    Kinetic En.   Total Energy  Conserved En.    Temperature
   -1.02151e+06    1.22640e+04   -1.00925e+06   -1.01590e+06    4.01529e+02
 Pressure (bar)
    5.28590e-01

           Step           Time
             36        0.03600

Writing checkpoint, step 36 at Sun Aug 31 15:19:01 2025


   Energies (kJ/mol)
           Bond  Connect Bonds          Angle Ryckaert-Bell. Per. Imp. Dih.
    4.38691e+03    0.00000e+00    2.16208e+03    2.23194e+01    1.64182e+00
          LJ-14     Coulomb-14        LJ (SR)   Coulomb (SR)    Quantum En.
    4.27796e+01    4.61191e+02    4.99269e+03   -3.71289e+04   -9.95718e+05
      Potential    Kinetic En.   Total Energy  Conserved En.    Temperature
   -1.02078e+06    1.17229e+04   -1.00905e+06   -1.01571e+06    3.83814e+02
 Pressure (bar)
    2.62240e-02

           Step           Time
             37        0.03700

Writing checkpoint, step 37 at Sun Aug 31 15:19:06 2025


   Energies (kJ/mol)
           Bond  Connect Bonds          Angle Ryckaert-Bell. Per. Imp. Dih.
    4.76854e+03    0.00000e+00    2.33920e+03    2.23541e+01    1.88090e+00
          LJ-14     Coulomb-14        LJ (SR)   Coulomb (SR)    Quantum En.
    4.37440e+01    4.59859e+02    5.00653e+03   -3.89664e+04   -9.95727e+05
      Potential    Kinetic En.   Total Energy  Conserved En.    Temperature
   -1.02205e+06    1.26984e+04   -1.00935e+06   -1.01601e+06    4.15752e+02
 Pressure (bar)
   -4.63175e-01

           Step           Time
             38        0.03800

Writing checkpoint, step 38 at Sun Aug 31 15:19:11 2025


   Energies (kJ/mol)
           Bond  Connect Bonds          Angle Ryckaert-Bell. Per. Imp. Dih.
    4.66317e+03    0.00000e+00    2.43966e+03    2.23032e+01    2.16578e+00
          LJ-14     Coulomb-14        LJ (SR)   Coulomb (SR)    Quantum En.
    4.45778e+01    4.58566e+02    5.02377e+03   -4.01573e+04   -9.95733e+05
      Potential    Kinetic En.   Total Energy  Conserved En.    Temperature
   -1.02324e+06    1.36281e+04   -1.00961e+06   -1.01627e+06    4.46190e+02
 Pressure (bar)
   -7.16399e-01

           Step           Time
             39        0.03900

Writing checkpoint, step 39 at Sun Aug 31 15:19:15 2025


   Energies (kJ/mol)
           Bond  Connect Bonds          Angle Ryckaert-Bell. Per. Imp. Dih.
    5.26714e+03    0.00000e+00    2.59107e+03    2.22132e+01    2.50013e+00
          LJ-14     Coulomb-14        LJ (SR)   Coulomb (SR)    Quantum En.
    4.54277e+01    4.57710e+02    5.04952e+03   -4.02417e+04   -9.95732e+05
      Potential    Kinetic En.   Total Energy  Conserved En.    Temperature
   -1.02254e+06    1.31524e+04   -1.00939e+06   -1.01604e+06    4.30616e+02
 Pressure (bar)
   -6.26266e-01

           Step           Time
             40        0.04000

Writing checkpoint, step 40 at Sun Aug 31 15:19:20 2025


   Energies (kJ/mol)
           Bond  Connect Bonds          Angle Ryckaert-Bell. Per. Imp. Dih.
    5.07276e+03    0.00000e+00    2.85573e+03    2.21573e+01    2.87897e+00
          LJ-14     Coulomb-14        LJ (SR)   Coulomb (SR)    Quantum En.
    4.63459e+01    4.57541e+02    5.08323e+03   -3.93020e+04   -9.95722e+05
      Potential    Kinetic En.   Total Energy  Conserved En.    Temperature
   -1.02148e+06    1.23596e+04   -1.00912e+06   -1.01578e+06    4.04661e+02
 Pressure (bar)
   -2.15567e-01

           Step           Time
             41        0.04100

Writing checkpoint, step 41 at Sun Aug 31 15:19:25 2025


   Energies (kJ/mol)
           Bond  Connect Bonds          Angle Ryckaert-Bell. Per. Imp. Dih.
    2.88764e+03    0.00000e+00    3.17833e+03    2.21936e+01    3.28593e+00
          LJ-14     Coulomb-14        LJ (SR)   Coulomb (SR)    Quantum En.
    4.72594e+01    4.58139e+02    5.11943e+03   -3.78866e+04   -9.95709e+05
      Potential    Kinetic En.   Total Energy  Conserved En.    Temperature
   -1.02188e+06    1.32559e+04   -1.00862e+06   -1.01812e+06    4.34005e+02
 Pressure (bar)
    3.39385e-01

           Step           Time
             42        0.04200

Writing checkpoint, step 42 at Sun Aug 31 15:19:29 2025


   Energies (kJ/mol)
           Bond  Connect Bonds          Angle Ryckaert-Bell. Per. Imp. Dih.
    8.47470e+02    0.00000e+00    3.42282e+03    2.23516e+01    3.71857e+00
          LJ-14     Coulomb-14        LJ (SR)   Coulomb (SR)    Quantum En.
    4.80583e+01    4.59454e+02    5.15327e+03   -3.66397e+04   -9.95697e+05
      Potential    Kinetic En.   Total Energy  Conserved En.    Temperature
   -1.02238e+06    1.41876e+04   -1.00819e+06   -1.01769e+06    4.64511e+02
 Pressure (bar)
    7.55505e-01

           Step           Time
             43        0.04300

Writing checkpoint, step 43 at Sun Aug 31 15:19:34 2025


   Energies (kJ/mol)
           Bond  Connect Bonds          Angle Ryckaert-Bell. Per. Imp. Dih.
    1.53805e+03    0.00000e+00    3.36890e+03    2.26077e+01    4.12415e+00
          LJ-14     Coulomb-14        LJ (SR)   Coulomb (SR)    Quantum En.
    4.84897e+01    4.61136e+02    5.17768e+03   -3.61774e+04   -9.95693e+05
      Potential    Kinetic En.   Total Energy  Conserved En.    Temperature
   -1.02125e+06    1.32990e+04   -1.00795e+06   -1.01745e+06    4.35418e+02
 Pressure (bar)
    7.66796e-01

           Step           Time
             44        0.04400

Writing checkpoint, step 44 at Sun Aug 31 15:19:39 2025


   Energies (kJ/mol)
           Bond  Connect Bonds          Angle Ryckaert-Bell. Per. Imp. Dih.
    3.53572e+03    0.00000e+00    2.87923e+03    2.29087e+01    4.47309e+00
          LJ-14     Coulomb-14        LJ (SR)   Coulomb (SR)    Quantum En.
    4.83811e+01    4.62808e+02    5.19090e+03   -3.65924e+04   -9.95695e+05
      Potential    Kinetic En.   Total Energy  Conserved En.    Temperature
   -1.02014e+06    1.24892e+04   -1.00765e+06   -1.01715e+06    4.08905e+02
 Pressure (bar)
    3.98503e-01

           Step           Time
             45        0.04500

Writing checkpoint, step 45 at Sun Aug 31 15:19:44 2025


   Energies (kJ/mol)
           Bond  Connect Bonds          Angle Ryckaert-Bell. Per. Imp. Dih.
    4.36584e+03    0.00000e+00    2.02908e+03    2.31972e+01    4.75017e+00
          LJ-14     Coulomb-14        LJ (SR)   Coulomb (SR)    Quantum En.
    4.77318e+01    4.64238e+02    5.19606e+03   -3.75028e+04   -9.95702e+05
      Potential    Kinetic En.   Total Energy  Conserved En.    Temperature
   -1.02107e+06    1.32238e+04   -1.00785e+06   -1.01735e+06    4.32953e+02
 Pressure (bar)
   -1.32463e-01

           Step           Time
             46        0.04600

Writing checkpoint, step 46 at Sun Aug 31 15:19:48 2025


   Energies (kJ/mol)
           Bond  Connect Bonds          Angle Ryckaert-Bell. Per. Imp. Dih.
    4.49486e+03    0.00000e+00    1.09909e+03    2.34374e+01    4.95978e+00
          LJ-14     Coulomb-14        LJ (SR)   Coulomb (SR)    Quantum En.
    4.67388e+01    4.65457e+02    5.20034e+03   -3.82617e+04   -9.95707e+05
      Potential    Kinetic En.   Total Energy  Conserved En.    Temperature
   -1.02263e+06    1.44396e+04   -1.00819e+06   -1.01769e+06    4.72761e+02
 Pressure (bar)
   -5.73704e-01

           Step           Time
             47        0.04700

Writing checkpoint, step 47 at Sun Aug 31 15:19:53 2025


   Energies (kJ/mol)
           Bond  Connect Bonds          Angle Ryckaert-Bell. Per. Imp. Dih.
    5.44423e+03    0.00000e+00    4.36623e+02    2.36366e+01    5.12263e+00
          LJ-14     Coulomb-14        LJ (SR)   Coulomb (SR)    Quantum En.
    4.56750e+01    4.66657e+02    5.21133e+03   -3.83149e+04   -9.95706e+05
      Potential    Kinetic En.   Total Energy  Conserved En.    Temperature
   -1.02239e+06    1.43115e+04   -1.00808e+06   -1.01757e+06    4.68566e+02
 Pressure (bar)
   -7.33102e-01

           Step           Time
             48        0.04800

Writing checkpoint, step 48 at Sun Aug 31 15:19:58 2025


   Energies (kJ/mol)
           Bond  Connect Bonds          Angle Ryckaert-Bell. Per. Imp. Dih.
    6.04792e+03    0.00000e+00    2.82158e+02    2.38425e+01    5.26570e+00
          LJ-14     Coulomb-14        LJ (SR)   Coulomb (SR)    Quantum En.
    4.47195e+01    4.68019e+02    5.23294e+03   -3.75106e+04   -9.95698e+05
      Potential    Kinetic En.   Total Energy  Conserved En.    Temperature
   -1.02110e+06    1.33669e+04   -1.00774e+06   -1.01724e+06    4.37639e+02
 Pressure (bar)
   -5.17697e-01

           Step           Time
             49        0.04900

Writing checkpoint, step 49 at Sun Aug 31 15:20:02 2025


   Energies (kJ/mol)
           Bond  Connect Bonds          Angle Ryckaert-Bell. Per. Imp. Dih.
    4.32143e+03    0.00000e+00    6.49603e+02    2.41139e+01    5.41012e+00
          LJ-14     Coulomb-14        LJ (SR)   Coulomb (SR)    Quantum En.
    4.38658e+01    4.69614e+02    5.26400e+03   -3.61840e+04   -9.95686e+05
      Potential    Kinetic En.   Total Energy  Conserved En.    Temperature
   -1.02109e+06    1.32913e+04   -1.00780e+06   -1.01730e+06    4.35164e+02
 Pressure (bar)
   -3.72375e-03

           Step           Time
             50        0.05000

Writing checkpoint, step 50 at Sun Aug 31 15:20:07 2025


   Energies (kJ/mol)
           Bond  Connect Bonds          Angle Ryckaert-Bell. Per. Imp. Dih.
    1.61923e+03    0.00000e+00    1.31828e+03    2.44917e+01    5.56312e+00
          LJ-14     Coulomb-14        LJ (SR)   Coulomb (SR)    Quantum En.
    4.29506e+01    4.71367e+02    5.29984e+03   -3.49858e+04   -9.95677e+05
      Potential    Kinetic En.   Total Energy  Conserved En.    Temperature
   -1.02188e+06    1.37724e+04   -1.00811e+06   -1.01761e+06    4.50914e+02
 Pressure (bar)
    5.42053e-01

           Step           Time
             51        0.05100

Writing checkpoint, step 51 at Sun Aug 31 15:20:12 2025


   Energies (kJ/mol)
           Bond  Connect Bonds          Angle Ryckaert-Bell. Per. Imp. Dih.
    1.06131e+03    0.00000e+00    1.96619e+03    2.49920e+01    5.71704e+00
          LJ-14     Coulomb-14        LJ (SR)   Coulomb (SR)    Quantum En.
    4.17682e+01    4.73028e+02    5.33493e+03   -3.45529e+04   -9.95675e+05
      Potential    Kinetic En.   Total Energy  Conserved En.    Temperature
   -1.02132e+06    1.16280e+04   -1.00969e+06   -1.01778e+06    3.80706e+02
 Pressure (bar)
    7.94749e-01

           Step           Time
             52        0.05200

Writing checkpoint, step 52 at Sun Aug 31 15:20:16 2025


   Energies (kJ/mol)
           Bond  Connect Bonds          Angle Ryckaert-Bell. Per. Imp. Dih.
    2.17636e+03    0.00000e+00    2.25359e+03    2.55124e+01    5.82826e+00
          LJ-14     Coulomb-14        LJ (SR)   Coulomb (SR)    Quantum En.
    4.03813e+01    4.74028e+02    5.35902e+03   -3.51783e+04   -9.95682e+05
      Potential    Kinetic En.   Total Energy  Conserved En.    Temperature
   -1.02053e+06    9.30454e+03   -1.01122e+06   -1.01931e+06    3.04636e+02
 Pressure (bar)
    6.43112e-01

           Step           Time
             53        0.05300

Writing checkpoint, step 53 at Sun Aug 31 15:20:21 2025


   Energies (kJ/mol)
           Bond  Connect Bonds          Angle Ryckaert-Bell. Per. Imp. Dih.
    2.91851e+03    0.00000e+00    2.22803e+03    2.61068e+01    5.89308e+00
          LJ-14     Coulomb-14        LJ (SR)   Coulomb (SR)    Quantum En.
    3.86435e+01    4.74312e+02    5.37470e+03   -3.66981e+04   -9.95695e+05
      Potential    Kinetic En.   Total Energy  Conserved En.    Temperature
   -1.02133e+06    9.97702e+03   -1.01135e+06   -1.01944e+06    3.26653e+02
 Pressure (bar)
    2.17265e-01

           Step           Time
             54        0.05400

Writing checkpoint, step 54 at Sun Aug 31 15:20:26 2025


   Energies (kJ/mol)
           Bond  Connect Bonds          Angle Ryckaert-Bell. Per. Imp. Dih.
    3.40690e+03    0.00000e+00    2.09281e+03    2.67701e+01    5.89130e+00
          LJ-14     Coulomb-14        LJ (SR)   Coulomb (SR)    Quantum En.
    3.67754e+01    4.73832e+02    5.38531e+03   -3.85149e+04   -9.95707e+05
      Potential    Kinetic En.   Total Energy  Conserved En.    Temperature
   -1.02279e+06    1.11571e+04   -1.01164e+06   -1.01973e+06    3.65290e+02
 Pressure (bar)
   -2.97306e-01

           Step           Time
             55        0.05500

Writing checkpoint, step 55 at Sun Aug 31 15:20:31 2025


   Energies (kJ/mol)
           Bond  Connect Bonds          Angle Ryckaert-Bell. Per. Imp. Dih.
    4.64253e+03    0.00000e+00    2.08700e+03    2.74936e+01    5.80361e+00
          LJ-14     Coulomb-14        LJ (SR)   Coulomb (SR)    Quantum En.
    3.50377e+01    4.72770e+02    5.39652e+03   -3.98584e+04   -9.95713e+05
      Potential    Kinetic En.   Total Energy  Conserved En.    Temperature
   -1.02290e+06    1.13055e+04   -1.01160e+06   -1.01969e+06    3.70148e+02
 Pressure (bar)
   -6.65255e-01

           Step           Time
             56        0.05600

Writing checkpoint, step 56 at Sun Aug 31 15:20:36 2025


   Energies (kJ/mol)
           Bond  Connect Bonds          Angle Ryckaert-Bell. Per. Imp. Dih.
    5.68794e+03    0.00000e+00    2.33030e+03    2.82574e+01    5.61358e+00
          LJ-14     Coulomb-14        LJ (SR)   Coulomb (SR)    Quantum En.
    3.36115e+01    4.71415e+02    5.41264e+03   -4.01614e+04   -9.95710e+05
      Potential    Kinetic En.   Total Energy  Conserved En.    Temperature
   -1.02190e+06    1.05698e+04   -1.01133e+06   -1.01942e+06    3.46061e+02
 Pressure (bar)
   -6.94834e-01

           Step           Time
             57        0.05700

Writing checkpoint, step 57 at Sun Aug 31 15:20:40 2025


   Energies (kJ/mol)
           Bond  Connect Bonds          Angle Ryckaert-Bell. Per. Imp. Dih.
    4.69387e+03    0.00000e+00    2.76157e+03    2.90150e+01    5.31150e+00
          LJ-14     Coulomb-14        LJ (SR)   Coulomb (SR)    Quantum En.
    3.25482e+01    4.70019e+02    5.43382e+03   -3.93606e+04   -9.95699e+05
      Potential    Kinetic En.   Total Energy  Conserved En.    Temperature
   -1.02163e+06    1.03112e+04   -1.01132e+06   -1.01941e+06    3.37595e+02
 Pressure (bar)
   -3.45747e-01

           Step           Time
             58        0.05800

Writing checkpoint, step 58 at Sun Aug 31 15:20:45 2025


   Energies (kJ/mol)
           Bond  Connect Bonds          Angle Ryckaert-Bell. Per. Imp. Dih.
    2.27948e+03    0.00000e+00    3.16610e+03    2.96978e+01    4.89942e+00
          LJ-14     Coulomb-14        LJ (SR)   Coulomb (SR)    Quantum En.
    3.17932e+01    4.68723e+02    5.45613e+03   -3.79239e+04   -9.95686e+05
      Potential    Kinetic En.   Total Energy  Conserved En.    Temperature
   -1.02217e+06    1.06220e+04   -1.01155e+06   -1.01964e+06    3.47771e+02
 Pressure (bar)
    2.03281e-01

           Step           Time
             59        0.05900

Writing checkpoint, step 59 at Sun Aug 31 15:20:51 2025


   Energies (kJ/mol)
           Bond  Connect Bonds          Angle Ryckaert-Bell. Per. Imp. Dih.
    1.03382e+03    0.00000e+00    3.27318e+03    3.02563e+01    4.39410e+00
          LJ-14     Coulomb-14        LJ (SR)   Coulomb (SR)    Quantum En.
    3.12357e+01    4.67525e+02    5.47379e+03   -3.65853e+04   -9.95677e+05
      Potential    Kinetic En.   Total Energy  Conserved En.    Temperature
   -1.02195e+06    1.04057e+04   -1.01154e+06   -1.01963e+06    3.40688e+02
 Pressure (bar)
    6.48458e-01

           Step           Time
             60        0.06000

Writing checkpoint, step 60 at Sun Aug 31 15:20:55 2025


   Energies (kJ/mol)
           Bond  Connect Bonds          Angle Ryckaert-Bell. Per. Imp. Dih.
    1.68264e+03    0.00000e+00    2.90803e+03    3.06972e+01    3.82488e+00
          LJ-14     Coulomb-14        LJ (SR)   Coulomb (SR)    Quantum En.
    3.07475e+01    4.66276e+02    5.48160e+03   -3.59597e+04   -9.95676e+05
      Potential    Kinetic En.   Total Energy  Conserved En.    Temperature
   -1.02103e+06    9.75964e+03   -1.01127e+06   -1.01936e+06    3.19536e+02
 Pressure (bar)
    7.62724e-01

           Step           Time
             61        0.06100

Writing checkpoint, step 61 at Sun Aug 31 15:21:00 2025


   Energies (kJ/mol)
           Bond  Connect Bonds          Angle Ryckaert-Bell. Per. Imp. Dih.
    2.52167e+03    0.00000e+00    2.12299e+03    3.10695e+01    3.22712e+00
          LJ-14     Coulomb-14        LJ (SR)   Coulomb (SR)    Quantum En.
    3.02095e+01    4.64752e+02    5.47691e+03   -3.62629e+04   -9.95683e+05
      Potential    Kinetic En.   Total Energy  Conserved En.    Temperature
   -1.02129e+06    8.64125e+03   -1.01265e+06   -1.01771e+06    2.82919e+02
 Pressure (bar)
    4.98207e-01

           Step           Time
             62        0.06200

Writing checkpoint, step 62 at Sun Aug 31 15:21:05 2025


   Energies (kJ/mol)
           Bond  Connect Bonds          Angle Ryckaert-Bell. Per. Imp. Dih.
    2.52199e+03    0.00000e+00    1.29087e+03    3.13498e+01    2.71875e+00
          LJ-14     Coulomb-14        LJ (SR)   Coulomb (SR)    Quantum En.
    2.96130e+01    4.63066e+02    5.46170e+03   -3.71377e+04   -9.95692e+05
      Potential    Kinetic En.   Total Energy  Conserved En.    Temperature
   -1.02303e+06    8.70508e+03   -1.01432e+06   -1.01938e+06    2.85009e+02
 Pressure (bar)
    6.50466e-02

           Step           Time
             63        0.06300

Writing checkpoint, step 63 at Sun Aug 31 15:21:10 2025


   Energies (kJ/mol)
           Bond  Connect Bonds          Angle Ryckaert-Bell. Per. Imp. Dih.
    3.11363e+03    0.00000e+00    5.82274e+02    3.15943e+01    2.22387e+00
          LJ-14     Coulomb-14        LJ (SR)   Coulomb (SR)    Quantum En.
    2.88490e+01    4.61009e+02    5.43822e+03   -3.81601e+04   -9.95701e+05
      Potential    Kinetic En.   Total Energy  Conserved En.    Temperature
   -1.02420e+06    9.66623e+03   -1.01454e+06   -1.01959e+06    3.16478e+02
 Pressure (bar)
   -3.92751e-01

           Step           Time
             64        0.06400

Writing checkpoint, step 64 at Sun Aug 31 15:21:15 2025


   Energies (kJ/mol)
           Bond  Connect Bonds          Angle Ryckaert-Bell. Per. Imp. Dih.
    4.92299e+03    0.00000e+00    2.89704e+02    3.17958e+01    1.76063e+00
          LJ-14     Coulomb-14        LJ (SR)   Coulomb (SR)    Quantum En.
    2.80147e+01    4.58821e+02    5.41282e+03   -3.87437e+04   -9.95705e+05
      Potential    Kinetic En.   Total Energy  Conserved En.    Temperature
   -1.02330e+06    9.04347e+03   -1.01426e+06   -1.01931e+06    2.96088e+02
 Pressure (bar)
   -6.78744e-01

           Step           Time
             65        0.06500

Writing checkpoint, step 65 at Sun Aug 31 15:21:20 2025


   Energies (kJ/mol)
           Bond  Connect Bonds          Angle Ryckaert-Bell. Per. Imp. Dih.
    5.60662e+03    0.00000e+00    5.09341e+02    3.19331e+01    1.34277e+00
          LJ-14     Coulomb-14        LJ (SR)   Coulomb (SR)    Quantum En.
    2.72520e+01    4.56788e+02    5.39003e+03   -3.85431e+04   -9.95702e+05
      Potential    Kinetic En.   Total Energy  Conserved En.    Temperature
   -1.02222e+06    8.21935e+03   -1.01400e+06   -1.01906e+06    2.69106e+02
 Pressure (bar)
   -6.22836e-01

           Step           Time
             66        0.06600

Writing checkpoint, step 66 at Sun Aug 31 15:21:24 2025


   Energies (kJ/mol)
           Bond  Connect Bonds          Angle Ryckaert-Bell. Per. Imp. Dih.
    3.65285e+03    0.00000e+00    1.10251e+03    3.19817e+01    9.80764e-01
          LJ-14     Coulomb-14        LJ (SR)   Coulomb (SR)    Quantum En.
    2.66794e+01    4.55110e+02    5.37058e+03   -3.76590e+04   -9.95695e+05
      Potential    Kinetic En.   Total Energy  Conserved En.    Temperature
   -1.02271e+06    8.50729e+03   -1.01421e+06   -1.01926e+06    2.78533e+02
 Pressure (bar)
   -2.31625e-01

           Step           Time
             67        0.06700

Writing checkpoint, step 67 at Sun Aug 31 15:21:29 2025


   Energies (kJ/mol)
           Bond  Connect Bonds          Angle Ryckaert-Bell. Per. Imp. Dih.
    1.30647e+03    0.00000e+00    1.76755e+03    3.19313e+01    6.81671e-01
          LJ-14     Coulomb-14        LJ (SR)   Coulomb (SR)    Quantum En.
    2.63446e+01    4.53861e+02    5.35161e+03   -3.65953e+04   -9.95687e+05
      Potential    Kinetic En.   Total Energy  Conserved En.    Temperature
   -1.02334e+06    8.90501e+03   -1.01444e+06   -1.01949e+06    2.91555e+02
 Pressure (bar)
    2.73151e-01

           Step           Time
             68        0.06800

Writing checkpoint, step 68 at Sun Aug 31 15:21:34 2025


   Energies (kJ/mol)
           Bond  Connect Bonds          Angle Ryckaert-Bell. Per. Imp. Dih.
    1.13561e+03    0.00000e+00    2.20236e+03    3.17949e+01    4.47815e-01
          LJ-14     Coulomb-14        LJ (SR)   Coulomb (SR)    Quantum En.
    2.62146e+01    4.52992e+02    5.32827e+03   -3.59757e+04   -9.95682e+05
      Potential    Kinetic En.   Total Energy  Conserved En.    Temperature
   -1.02248e+06    8.26136e+03   -1.01422e+06   -1.01927e+06    2.70481e+02
 Pressure (bar)
    6.09528e-01

           Step           Time
             69        0.06900

Writing checkpoint, step 69 at Sun Aug 31 15:21:39 2025


   Energies (kJ/mol)
           Bond  Connect Bonds          Angle Ryckaert-Bell. Per. Imp. Dih.
    2.18354e+03    0.00000e+00    2.27609e+03    3.15962e+01    2.75949e-01
          LJ-14     Coulomb-14        LJ (SR)   Coulomb (SR)    Quantum En.
    2.61951e+01    4.52345e+02    5.29622e+03   -3.62107e+04   -9.95682e+05
      Potential    Kinetic En.   Total Energy  Conserved En.    Temperature
   -1.02163e+06    7.69848e+03   -1.01393e+06   -1.01898e+06    2.52052e+02
 Pressure (bar)
    6.25619e-01

           Step           Time
             70        0.07000

Writing checkpoint, step 70 at Sun Aug 31 15:21:43 2025


   Energies (kJ/mol)
           Bond  Connect Bonds          Angle Ryckaert-Bell. Per. Imp. Dih.
    2.35734e+03    0.00000e+00    2.09736e+03    3.13493e+01    1.57958e-01
          LJ-14     Coulomb-14        LJ (SR)   Coulomb (SR)    Quantum En.
    2.61698e+01    4.51729e+02    5.25413e+03   -3.72986e+04   -9.95686e+05
      Potential    Kinetic En.   Total Energy  Conserved En.    Temperature
   -1.02277e+06    8.64392e+03   -1.01412e+06   -1.01917e+06    2.83006e+02
 Pressure (bar)
    3.40075e-01

           Step           Time
             71        0.07100

Writing checkpoint, step 71 at Sun Aug 31 15:21:48 2025


   Energies (kJ/mol)
           Bond  Connect Bonds          Angle Ryckaert-Bell. Per. Imp. Dih.
    2.36663e+03    0.00000e+00    1.91817e+03    3.10535e+01    8.28486e-02
          LJ-14     Coulomb-14        LJ (SR)   Coulomb (SR)    Quantum En.
    2.60420e+01    4.51039e+02    5.20494e+03   -3.88180e+04   -9.95690e+05
      Potential    Kinetic En.   Total Energy  Conserved En.    Temperature
   -1.02451e+06    8.46359e+03   -1.01605e+06   -1.01774e+06    2.77102e+02
 Pressure (bar)
   -1.38122e-01

           Step           Time
             72        0.07200

Writing checkpoint, step 72 at Sun Aug 31 15:21:53 2025


   Energies (kJ/mol)
           Bond  Connect Bonds          Angle Ryckaert-Bell. Per. Imp. Dih.
    3.34183e+03    0.00000e+00    1.88143e+03    3.07529e+01    4.55116e-02
          LJ-14     Coulomb-14        LJ (SR)   Coulomb (SR)    Quantum En.
    2.57782e+01    4.50469e+02    5.16180e+03   -3.98588e+04   -9.95690e+05
      Potential    Kinetic En.   Total Energy  Conserved En.    Temperature
   -1.02466e+06    7.13680e+03   -1.01752e+06   -1.01922e+06    2.33663e+02
 Pressure (bar)
   -5.03195e-01

           Step           Time
             73        0.07300

Writing checkpoint, step 73 at Sun Aug 31 15:21:58 2025


   Energies (kJ/mol)
           Bond  Connect Bonds          Angle Ryckaert-Bell. Per. Imp. Dih.
    4.41829e+03    0.00000e+00    1.95485e+03    3.03907e+01    2.42044e-02
          LJ-14     Coulomb-14        LJ (SR)   Coulomb (SR)    Quantum En.
    2.53322e+01    4.50089e+02    5.12000e+03   -4.01617e+04   -9.95687e+05
      Potential    Kinetic En.   Total Energy  Conserved En.    Temperature
   -1.02385e+06    6.54423e+03   -1.01731e+06   -1.01900e+06    2.14262e+02
 Pressure (bar)
   -6.24818e-01

           Step           Time
             74        0.07400

Writing checkpoint, step 74 at Sun Aug 31 15:22:02 2025


   Energies (kJ/mol)
           Bond  Connect Bonds          Angle Ryckaert-Bell. Per. Imp. Dih.
    4.00925e+03    0.00000e+00    2.08752e+03    2.99844e+01    1.34462e-02
          LJ-14     Coulomb-14        LJ (SR)   Coulomb (SR)    Quantum En.
    2.47596e+01    4.50107e+02    5.08208e+03   -3.95718e+04   -9.95682e+05
      Potential    Kinetic En.   Total Energy  Conserved En.    Temperature
   -1.02357e+06    6.30726e+03   -1.01726e+06   -1.01896e+06    2.06503e+02
 Pressure (bar)
   -4.37592e-01

           Step           Time
             75        0.07500

Writing checkpoint, step 75 at Sun Aug 31 15:22:07 2025


   Energies (kJ/mol)
           Bond  Connect Bonds          Angle Ryckaert-Bell. Per. Imp. Dih.
    2.21908e+03    0.00000e+00    2.15875e+03    2.95660e+01    1.10343e-02
          LJ-14     Coulomb-14        LJ (SR)   Coulomb (SR)    Quantum En.
    2.41480e+01    4.50653e+02    5.04775e+03   -3.83653e+04   -9.95677e+05
      Potential    Kinetic En.   Total Energy  Conserved En.    Temperature
   -1.02411e+06    6.67112e+03   -1.01744e+06   -1.01914e+06    2.18416e+02
 Pressure (bar)
   -3.48603e-02

           Step           Time
             76        0.07600

Writing checkpoint, step 76 at Sun Aug 31 15:22:12 2025


   Energies (kJ/mol)
           Bond  Connect Bonds          Angle Ryckaert-Bell. Per. Imp. Dih.
    9.85801e+02    0.00000e+00    2.04424e+03    2.91684e+01    1.84594e-02
          LJ-14     Coulomb-14        LJ (SR)   Coulomb (SR)    Quantum En.
    2.35786e+01    4.51742e+02    5.01460e+03   -3.71087e+04   -9.95676e+05
      Potential    Kinetic En.   Total Energy  Conserved En.    Temperature
   -1.02424e+06    6.75280e+03   -1.01748e+06   -1.01918e+06    2.21090e+02
 Pressure (bar)
    3.58236e-01

           Step           Time
             77        0.07700

Writing checkpoint, step 77 at Sun Aug 31 15:22:16 2025


   Energies (kJ/mol)
           Bond  Connect Bonds          Angle Ryckaert-Bell. Per. Imp. Dih.
    1.21066e+03    0.00000e+00    1.69207e+03    2.88041e+01    4.11840e-02
          LJ-14     Coulomb-14        LJ (SR)   Coulomb (SR)    Quantum En.
    2.30917e+01    4.53245e+02    4.97960e+03   -3.63610e+04   -9.95676e+05
      Potential    Kinetic En.   Total Energy  Conserved En.    Temperature
   -1.02365e+06    6.35772e+03   -1.01729e+06   -1.01899e+06    2.08155e+02
 Pressure (bar)
    5.35125e-01

           Step           Time
             78        0.07800

Writing checkpoint, step 78 at Sun Aug 31 15:22:21 2025


   Energies (kJ/mol)
           Bond  Connect Bonds          Angle Ryckaert-Bell. Per. Imp. Dih.
    1.79922e+03    0.00000e+00    1.17416e+03    2.84552e+01    8.84833e-02
          LJ-14     Coulomb-14        LJ (SR)   Coulomb (SR)    Quantum En.
    2.26835e+01    4.54895e+02    4.94072e+03   -3.64051e+04   -9.95678e+05
      Potential    Kinetic En.   Total Energy  Conserved En.    Temperature
   -1.02366e+06    6.43646e+03   -1.01723e+06   -1.01893e+06    2.10733e+02
 Pressure (bar)
    4.22312e-01

           Step           Time
             79        0.07900

Writing checkpoint, step 79 at Sun Aug 31 15:22:25 2025


   Energies (kJ/mol)
           Bond  Connect Bonds          Angle Ryckaert-Bell. Per. Imp. Dih.
    2.03278e+03    0.00000e+00    6.69162e+02    2.80868e+01    1.72090e-01
          LJ-14     Coulomb-14        LJ (SR)   Coulomb (SR)    Quantum En.
    2.23352e+01    4.56380e+02    4.89828e+03   -3.71373e+04   -9.95679e+05
      Potential    Kinetic En.   Total Energy  Conserved En.    Temperature
   -1.02471e+06    7.27904e+03   -1.01743e+06   -1.01913e+06    2.38320e+02
 Pressure (bar)
    8.22326e-02

           Step           Time
             80        0.08000

Writing checkpoint, step 80 at Sun Aug 31 15:22:30 2025


   Energies (kJ/mol)
           Bond  Connect Bonds          Angle Ryckaert-Bell. Per. Imp. Dih.
    2.72306e+03    0.00000e+00    3.75334e+02    2.76715e+01    3.02851e-01
          LJ-14     Coulomb-14        LJ (SR)   Coulomb (SR)    Quantum En.
    2.20479e+01    4.57507e+02    4.85516e+03   -3.81391e+04   -9.95677e+05
      Potential    Kinetic En.   Total Energy  Conserved En.    Temperature
   -1.02535e+06    7.80076e+03   -1.01755e+06   -1.01925e+06    2.55401e+02
 Pressure (bar)
   -3.32902e-01

           Step           Time
             81        0.08100

Writing checkpoint, step 81 at Sun Aug 31 15:22:35 2025


   Energies (kJ/mol)
           Bond  Connect Bonds          Angle Ryckaert-Bell. Per. Imp. Dih.
    4.09979e+03    0.00000e+00    4.07991e+02    2.72057e+01    4.85811e-01
          LJ-14     Coulomb-14        LJ (SR)   Coulomb (SR)    Quantum En.
    2.18556e+01    4.58287e+02    4.81544e+03   -3.88824e+04   -9.95674e+05
      Potential    Kinetic En.   Total Energy  Conserved En.    Temperature
   -1.02472e+06    6.58333e+03   -1.01814e+06   -1.01744e+06    2.15542e+02
 Pressure (bar)
   -6.33453e-01

           Step           Time
             82        0.08200

Writing checkpoint, step 82 at Sun Aug 31 15:22:39 2025


   Energies (kJ/mol)
           Bond  Connect Bonds          Angle Ryckaert-Bell. Per. Imp. Dih.
    4.34746e+03    0.00000e+00    6.84213e+02    2.67653e+01    6.86567e-01
          LJ-14     Coulomb-14        LJ (SR)   Coulomb (SR)    Quantum En.
    2.18111e+01    4.58797e+02    4.78587e+03   -3.89422e+04   -9.95671e+05
      Potential    Kinetic En.   Total Energy  Conserved En.    Temperature
   -1.02429e+06    5.42831e+03   -1.01886e+06   -1.01815e+06    1.77726e+02
 Pressure (bar)
   -6.24564e-01

           Step           Time
             83        0.08300

Writing checkpoint, step 83 at Sun Aug 31 15:22:44 2025


   Energies (kJ/mol)
           Bond  Connect Bonds          Angle Ryckaert-Bell. Per. Imp. Dih.
    2.88144e+03    0.00000e+00    1.06908e+03    2.63250e+01    9.11351e-01
          LJ-14     Coulomb-14        LJ (SR)   Coulomb (SR)    Quantum En.
    2.19135e+01    4.59264e+02    4.76216e+03   -3.83782e+04   -9.95670e+05
      Potential    Kinetic En.   Total Energy  Conserved En.    Temperature
   -1.02483e+06    5.80264e+03   -1.01902e+06   -1.01832e+06    1.89982e+02
 Pressure (bar)
   -3.09436e-01

           Step           Time
             84        0.08400

Writing checkpoint, step 84 at Sun Aug 31 15:22:49 2025


   Energies (kJ/mol)
           Bond  Connect Bonds          Angle Ryckaert-Bell. Per. Imp. Dih.
    1.34891e+03    0.00000e+00    1.41819e+03    2.59197e+01    1.14347e+00
          LJ-14     Coulomb-14        LJ (SR)   Coulomb (SR)    Quantum En.
    2.21460e+01    4.59764e+02    4.74267e+03   -3.75640e+04   -9.95672e+05
      Potential    Kinetic En.   Total Energy  Conserved En.    Temperature
   -1.02522e+06    6.08846e+03   -1.01913e+06   -1.01842e+06    1.99339e+02
 Pressure (bar)
    1.26024e-01

           Step           Time
             85        0.08500

Writing checkpoint, step 85 at Sun Aug 31 15:22:53 2025


   Energies (kJ/mol)
           Bond  Connect Bonds          Angle Ryckaert-Bell. Per. Imp. Dih.
    1.07587e+03    0.00000e+00    1.63889e+03    2.55717e+01    1.36835e+00
          LJ-14     Coulomb-14        LJ (SR)   Coulomb (SR)    Quantum En.
    2.24591e+01    4.60270e+02    4.72433e+03   -3.70233e+04   -9.95676e+05
      Potential    Kinetic En.   Total Energy  Conserved En.    Temperature
   -1.02475e+06    5.77297e+03   -1.01898e+06   -1.01827e+06    1.89010e+02
 Pressure (bar)
    4.49349e-01

           Step           Time
             86        0.08600

Writing checkpoint, step 86 at Sun Aug 31 15:22:58 2025


   Energies (kJ/mol)
           Bond  Connect Bonds          Angle Ryckaert-Bell. Per. Imp. Dih.
    1.39190e+03    0.00000e+00    1.73444e+03    2.52857e+01    1.57821e+00
          LJ-14     Coulomb-14        LJ (SR)   Coulomb (SR)    Quantum En.
    2.27930e+01    4.60654e+02    4.70428e+03   -3.71428e+04   -9.95682e+05
      Potential    Kinetic En.   Total Energy  Conserved En.    Temperature
   -1.02448e+06    5.62283e+03   -1.01886e+06   -1.01815e+06    1.84094e+02
 Pressure (bar)
    5.09513e-01

           Step           Time
             87        0.08700

Writing checkpoint, step 87 at Sun Aug 31 15:23:03 2025


   Energies (kJ/mol)
           Bond  Connect Bonds          Angle Ryckaert-Bell. Per. Imp. Dih.
    1.45808e+03    0.00000e+00    1.78079e+03    2.50518e+01    1.77274e+00
          LJ-14     Coulomb-14        LJ (SR)   Coulomb (SR)    Quantum En.
    2.31034e+01    4.60722e+02    4.68144e+03   -3.79733e+04   -9.95685e+05
      Potential    Kinetic En.   Total Energy  Conserved En.    Temperature
   -1.02523e+06    6.21532e+03   -1.01901e+06   -1.01831e+06    2.03493e+02
 Pressure (bar)
    2.86004e-01

           Step           Time
             88        0.08800

Writing checkpoint, step 88 at Sun Aug 31 15:23:07 2025


   Energies (kJ/mol)
           Bond  Connect Bonds          Angle Ryckaert-Bell. Per. Imp. Dih.
    1.93738e+03    0.00000e+00    1.85206e+03    2.48542e+01    1.95566e+00
          LJ-14     Coulomb-14        LJ (SR)   Coulomb (SR)    Quantum En.
    2.33823e+01    4.60300e+02    4.65718e+03   -3.91958e+04   -9.95682e+05
      Potential    Kinetic En.   Total Energy  Conserved En.    Temperature
   -1.02592e+06    6.75086e+03   -1.01917e+06   -1.01846e+06    2.21027e+02
 Pressure (bar)
   -1.23149e-01

           Step           Time
             89        0.08900

Writing checkpoint, step 89 at Sun Aug 31 15:23:12 2025


   Energies (kJ/mol)
           Bond  Connect Bonds          Angle Ryckaert-Bell. Per. Imp. Dih.
    3.37951e+03    0.00000e+00    1.95586e+03    2.46801e+01    2.12927e+00
          LJ-14     Coulomb-14        LJ (SR)   Coulomb (SR)    Quantum En.
    2.36685e+01    4.59347e+02    4.63462e+03   -4.02554e+04   -9.95671e+05
      Potential    Kinetic En.   Total Energy  Conserved En.    Temperature
   -1.02545e+06    6.40052e+03   -1.01905e+06   -1.01834e+06    2.09556e+02
 Pressure (bar)
   -5.25829e-01

           Step           Time
             90        0.09000

Writing checkpoint, step 90 at Sun Aug 31 15:23:17 2025


   Energies (kJ/mol)
           Bond  Connect Bonds          Angle Ryckaert-Bell. Per. Imp. Dih.
    4.48742e+03    0.00000e+00    2.02915e+03    2.45258e+01    2.28991e+00
          LJ-14     Coulomb-14        LJ (SR)   Coulomb (SR)    Quantum En.
    2.40394e+01    4.58003e+02    4.61698e+03   -4.06251e+04   -9.95655e+05
      Potential    Kinetic En.   Total Energy  Conserved En.    Temperature
   -1.02464e+06    5.78520e+03   -1.01885e+06   -1.01815e+06    1.89411e+02
 Pressure (bar)
   -7.05996e-01

           Step           Time
             91        0.09100

Writing checkpoint, step 91 at Sun Aug 31 15:23:21 2025


   Energies (kJ/mol)
           Bond  Connect Bonds          Angle Ryckaert-Bell. Per. Imp. Dih.
    3.80999e+03    0.00000e+00    1.98633e+03    2.43970e+01    2.42641e+00
          LJ-14     Coulomb-14        LJ (SR)   Coulomb (SR)    Quantum En.
    2.45829e+01    4.56518e+02    4.60595e+03   -4.00885e+04   -9.95636e+05
      Potential    Kinetic En.   Total Energy  Conserved En.    Temperature
   -1.02481e+06    6.07144e+03   -1.01874e+06   -1.01750e+06    1.98782e+02
 Pressure (bar)
   -5.52546e-01

           Step           Time
             92        0.09200

Writing checkpoint, step 92 at Sun Aug 31 15:23:26 2025


   Energies (kJ/mol)
           Bond  Connect Bonds          Angle Ryckaert-Bell. Per. Imp. Dih.
    2.10660e+03    0.00000e+00    1.77609e+03    2.43025e+01    2.52633e+00
          LJ-14     Coulomb-14        LJ (SR)   Coulomb (SR)    Quantum En.
    2.53793e+01    4.55075e+02    4.60089e+03   -3.88486e+04   -9.95619e+05
      Potential    Kinetic En.   Total Energy  Conserved En.    Temperature
   -1.02548e+06    6.72559e+03   -1.01875e+06   -1.01751e+06    2.20199e+02
 Pressure (bar)
   -1.45693e-01

           Step           Time
             93        0.09300

Writing checkpoint, step 93 at Sun Aug 31 15:23:31 2025


   Energies (kJ/mol)
           Bond  Connect Bonds          Angle Ryckaert-Bell. Per. Imp. Dih.
    1.24293e+03    0.00000e+00    1.41786e+03    2.42559e+01    2.57052e+00
          LJ-14     Coulomb-14        LJ (SR)   Coulomb (SR)    Quantum En.
    2.64018e+01    4.53833e+02    4.59965e+03   -3.74983e+04   -9.95608e+05
      Potential    Kinetic En.   Total Energy  Conserved En.    Temperature
   -1.02534e+06    6.65089e+03   -1.01869e+06   -1.01745e+06    2.17754e+02
 Pressure (bar)
    2.78843e-01

           Step           Time
             94        0.09400

Writing checkpoint, step 94 at Sun Aug 31 15:23:35 2025


   Energies (kJ/mol)
           Bond  Connect Bonds          Angle Ryckaert-Bell. Per. Imp. Dih.
    1.33612e+03    0.00000e+00    9.89300e+02    2.42598e+01    2.54983e+00
          LJ-14     Coulomb-14        LJ (SR)   Coulomb (SR)    Quantum En.
    2.75454e+01    4.52795e+02    4.59904e+03   -3.66301e+04   -9.95606e+05
      Potential    Kinetic En.   Total Energy  Conserved En.    Temperature
   -1.02480e+06    6.29863e+03   -1.01851e+06   -1.01726e+06    2.06221e+02
 Pressure (bar)
    5.11865e-01

           Step           Time
             95        0.09500

Writing checkpoint, step 95 at Sun Aug 31 15:23:40 2025


   Energies (kJ/mol)
           Bond  Connect Bonds          Angle Ryckaert-Bell. Per. Imp. Dih.
    1.36890e+03    0.00000e+00    6.10143e+02    2.43100e+01    2.46549e+00
          LJ-14     Coulomb-14        LJ (SR)   Coulomb (SR)    Quantum En.
    2.86197e+01    4.51885e+02    4.59676e+03   -3.65816e+04   -9.95612e+05
      Potential    Kinetic En.   Total Energy  Conserved En.    Temperature
   -1.02511e+06    6.56057e+03   -1.01855e+06   -1.01731e+06    2.14797e+02
 Pressure (bar)
    4.52330e-01

           Step           Time
             96        0.09600

Writing checkpoint, step 96 at Sun Aug 31 15:23:45 2025


   Energies (kJ/mol)
           Bond  Connect Bonds          Angle Ryckaert-Bell. Per. Imp. Dih.
    1.49702e+03    0.00000e+00    3.93246e+02    2.43970e+01    2.32827e+00
          LJ-14     Coulomb-14        LJ (SR)   Coulomb (SR)    Quantum En.
    2.94058e+01    4.50995e+02    4.59262e+03   -3.73047e+04   -9.95622e+05
      Potential    Kinetic En.   Total Energy  Conserved En.    Temperature
   -1.02594e+06    7.18553e+03   -1.01875e+06   -1.01751e+06    2.35258e+02
 Pressure (bar)
    1.26525e-01

           Step           Time
             97        0.09700

Writing checkpoint, step 97 at Sun Aug 31 15:23:50 2025


   Energies (kJ/mol)
           Bond  Connect Bonds          Angle Ryckaert-Bell. Per. Imp. Dih.
    2.65687e+03    0.00000e+00    3.99511e+02    2.45087e+01    2.15425e+00
          LJ-14     Coulomb-14        LJ (SR)   Coulomb (SR)    Quantum En.
    2.97539e+01    4.50071e+02    4.58871e+03   -3.84060e+04   -9.95630e+05
      Potential    Kinetic En.   Total Energy  Conserved En.    Temperature
   -1.02588e+06    7.13901e+03   -1.01875e+06   -1.01750e+06    2.33735e+02
 Pressure (bar)
   -3.19309e-01

           Step           Time
             98        0.09800

Writing checkpoint, step 98 at Sun Aug 31 15:23:55 2025


   Energies (kJ/mol)
           Bond  Connect Bonds          Angle Ryckaert-Bell. Per. Imp. Dih.
    4.25500e+03    0.00000e+00    6.15934e+02    2.46331e+01    1.95969e+00
          LJ-14     Coulomb-14        LJ (SR)   Coulomb (SR)    Quantum En.
    2.96619e+01    4.49186e+02    4.58821e+03   -3.93314e+04   -9.95632e+05
      Potential    Kinetic En.   Total Energy  Conserved En.    Temperature
   -1.02500e+06    6.46015e+03   -1.01854e+06   -1.01730e+06    2.11509e+02
 Pressure (bar)
   -6.58249e-01

           Step           Time
             99        0.09900

Writing checkpoint, step 99 at Sun Aug 31 15:24:00 2025


   Energies (kJ/mol)
           Bond  Connect Bonds          Angle Ryckaert-Bell. Per. Imp. Dih.
    4.48483e+03    0.00000e+00    9.59723e+02    2.47556e+01    1.75725e+00
          LJ-14     Coulomb-14        LJ (SR)   Coulomb (SR)    Quantum En.
    2.92788e+01    4.48539e+02    4.59371e+03   -3.96406e+04   -9.95628e+05
      Potential    Kinetic En.   Total Energy  Conserved En.    Temperature
   -1.02473e+06    6.23019e+03   -1.01850e+06   -1.01725e+06    2.03980e+02
 Pressure (bar)
   -6.98325e-01

           Step           Time
            100        0.10000

Writing checkpoint, step 100 at Sun Aug 31 15:24:04 2025


   Energies (kJ/mol)
           Bond  Connect Bonds          Angle Ryckaert-Bell. Per. Imp. Dih.
    3.06473e+03    0.00000e+00    1.31338e+03    2.48529e+01    1.55450e+00
          LJ-14     Coulomb-14        LJ (SR)   Coulomb (SR)    Quantum En.
    2.88352e+01    4.48348e+02    4.60582e+03   -3.92466e+04   -9.95618e+05
      Potential    Kinetic En.   Total Energy  Conserved En.    Temperature
   -1.02538e+06    6.69959e+03   -1.01868e+06   -1.01744e+06    2.19348e+02
 Pressure (bar)
   -4.15222e-01


Energy conservation over simulation part #1 of length 0.1 ps, time 0 to 0.1 ps
  Conserved energy drift: 5.35e+00 kJ/mol/ps per atom


	<======  ###############  ==>
	<====  A V E R A G E S  ====>
	<==  ###############  ======>

	Statistics over 101 steps using 101 frames

   Energies (kJ/mol)
           Bond  Connect Bonds          Angle Ryckaert-Bell. Per. Imp. Dih.
    2.92871e+03    0.00000e+00    1.60622e+03    2.56658e+01    1.86468e+00
          LJ-14     Coulomb-14        LJ (SR)   Coulomb (SR)    Quantum En.
    3.02189e+01    4.57366e+02    4.67745e+03   -3.77722e+04   -9.95708e+05
      Potential    Kinetic En.   Total Energy  Conserved En.    Temperature
   -1.02375e+06    8.96277e+03   -1.01479e+06   -1.01796e+06    2.93446e+02
 Pressure (bar)
   -5.82206e-02

   Total Virial (kJ/mol)
    4.58910e+03    3.26703e+02    1.86584e+02
    3.26703e+02    4.96392e+03   -2.55806e+02
    1.86584e+02   -2.55806e+02    4.66895e+03

   Pressure (bar)
   -5.18919e-02   -1.26210e-02   -4.02367e-03
   -1.26210e-02   -6.81889e-02    9.54903e-03
   -4.02367e-03    9.54903e-03   -5.45812e-02


	M E G A - F L O P S   A C C O U N T I N G

 NB=Group-cutoff nonbonded kernels    NxN=N-by-N cluster Verlet kernels
 RF=Reaction-Field  VdW=Van der Waals  QSTab=quadratic-spline table
 W3=SPC/TIP3p  W4=TIP4p (single or pairs)
 V&F=Potential and force  V=Potential only  F=Force only

 Computing:                               M-Number         M-Flops  % Flops
-----------------------------------------------------------------------------
 Pair Search distance check               0.085092           0.766     0.0
 NxN RF Elec. + LJ [V&F]                304.920040       16465.682    99.7
 NxN RF Electrostatics [V&F]              0.188840           6.798     0.0
 1,4 nonbonded interactions               0.007777           0.700     0.0
 Shift-X                                  0.007350           0.044     0.0
 Bonds                                    0.165438           9.761     0.1
 Angles                                   0.086254          14.491     0.1
 Impropers                                0.000202           0.042     0.0
 RB-Dihedrals                             0.005757           1.422     0.0
 Virial                                   0.251995           4.536     0.0
 Stop-CM                                  0.007350           0.073     0.0
 Calc-Ekin                                0.249900           6.747     0.0
-----------------------------------------------------------------------------
 Total                                                   16511.062   100.0
-----------------------------------------------------------------------------


      R E A L   C Y C L E   A N D   T I M E   A C C O U N T I N G

On 1 MPI rank, each using 16 OpenMP threads

 Activity:              Num   Num      Call    Wall time         Giga-Cycles
                        Ranks Threads  Count      (s)         total sum    %
--------------------------------------------------------------------------------
 Neighbor search           1   16          3       0.006          0.189   0.0
 Force                     1   16        101       0.120          4.032   0.0
 NB X/F buffer ops.        1   16        199       0.005          0.173   0.0
 Write traj.               1   16        101       2.832         94.933   0.6
 Update                    1   16        101       0.003          0.098   0.0
 Rest                                            475.125      15926.753  99.4
--------------------------------------------------------------------------------
 Total                                           478.091      16026.178 100.0
--------------------------------------------------------------------------------

               Core t (s)   Wall t (s)        (%)
       Time:     7649.451      478.091     1600.0
                 (ns/day)    (hour/ns)
Performance:        0.018     1314.881
Finished mdrun on rank 0 Sun Aug 31 15:24:04 2025

PLUMED:                                               Cycles        Total      Average      Minimum      Maximum
PLUMED:                                                    1     0.041704     0.041704     0.041704     0.041704
PLUMED: 1 Prepare dependencies                           101     0.000534     0.000005     0.000004     0.000024
PLUMED: 2 Sharing data                                   101     0.000730     0.000007     0.000004     0.000044
PLUMED: 3 Waiting for data                               101     0.000934     0.000009     0.000006     0.000036
PLUMED: 4 Calculating (forward loop)                     101     0.001798     0.000018     0.000014     0.000052
PLUMED: 5 Applying (backward loop)                       101     0.001286     0.000013     0.000009     0.000083
PLUMED: 6 Update                                         101     0.031912     0.000316     0.000011     0.009507
